Archive member included because of file (symbol)

c:/program files/winavr/bin/../lib/gcc/avr/4.1.2/avr5\libgcc.a(_prologue.o)
                              40h.o (__prologue_saves__)
c:/program files/winavr/bin/../lib/gcc/avr/4.1.2/avr5\libgcc.a(_epilogue.o)
                              40h.o (__epilogue_restores__)
c:/program files/winavr/bin/../lib/gcc/avr/4.1.2/avr5\libgcc.a(_exit.o)
                              c:/program files/winavr/bin/../lib/gcc/avr/4.1.2/../../../../avr/lib/avr5/crtm32.o (exit)
c:/program files/winavr/bin/../lib/gcc/avr/4.1.2/avr5\libgcc.a(_copy_data.o)
                              40h.o (__do_copy_data)
c:/program files/winavr/bin/../lib/gcc/avr/4.1.2/avr5\libgcc.a(_clear_bss.o)
                              40h.o (__do_clear_bss)

Allocating common symbols
Common symbol       size              file

button_last         0x8               button.o
button_debounce_count
                    0x40              button.o
gAdcFilters         0x40              adc.o
button_state        0x8               button.o
button_current      0x8               button.o
button_event        0x8               button.o

Discarded input sections

 .stabstr       0x00000000        0x0 c:/program files/winavr/bin/../lib/gcc/avr/4.1.2/../../../../avr/lib/avr5/crtm32.o

Memory Configuration

Name             Origin             Length             Attributes
text             0x00000000         0x00020000         xr
data             0x00800060         0x0000ffa0         rw !x
eeprom           0x00810000         0x00010000         rw !x
*default*        0x00000000         0xffffffff

Linker script and memory map

LOAD c:/program files/winavr/bin/../lib/gcc/avr/4.1.2/../../../../avr/lib/avr5/crtm32.o
LOAD 40h.o
LOAD adc.o
LOAD message.o
LOAD button.o
LOAD c:/program files/winavr/bin/../lib/gcc/avr/4.1.2/avr5\libgcc.a
LOAD c:/program files/winavr/bin/../lib/gcc/avr/4.1.2/../../../../avr/lib/avr5\libc.a
LOAD c:/program files/winavr/bin/../lib/gcc/avr/4.1.2/avr5\libgcc.a

.hash
 *(.hash)

.dynsym
 *(.dynsym)

.dynstr
 *(.dynstr)

.gnu.version
 *(.gnu.version)

.gnu.version_d
 *(.gnu.version_d)

.gnu.version_r
 *(.gnu.version_r)

.rel.init
 *(.rel.init)

.rela.init
 *(.rela.init)

.rel.text
 *(.rel.text)
 *(.rel.text.*)
 *(.rel.gnu.linkonce.t*)

.rela.text
 *(.rela.text)
 *(.rela.text.*)
 *(.rela.gnu.linkonce.t*)

.rel.fini
 *(.rel.fini)

.rela.fini
 *(.rela.fini)

.rel.rodata
 *(.rel.rodata)
 *(.rel.rodata.*)
 *(.rel.gnu.linkonce.r*)

.rela.rodata
 *(.rela.rodata)
 *(.rela.rodata.*)
 *(.rela.gnu.linkonce.r*)

.rel.data
 *(.rel.data)
 *(.rel.data.*)
 *(.rel.gnu.linkonce.d*)

.rela.data
 *(.rela.data)
 *(.rela.data.*)
 *(.rela.gnu.linkonce.d*)

.rel.ctors
 *(.rel.ctors)

.rela.ctors
 *(.rela.ctors)

.rel.dtors
 *(.rel.dtors)

.rela.dtors
 *(.rela.dtors)

.rel.got
 *(.rel.got)

.rela.got
 *(.rela.got)

.rel.bss
 *(.rel.bss)

.rela.bss
 *(.rela.bss)

.rel.plt
 *(.rel.plt)

.rela.plt
 *(.rela.plt)

.text           0x00000000      0xb8a
 *(.vectors)
 .vectors       0x00000000       0x54 c:/program files/winavr/bin/../lib/gcc/avr/4.1.2/../../../../avr/lib/avr5/crtm32.o
                0x00000000                __vectors
                0x00000000                __vector_default
 *(.vectors)
 *(.progmem.gcc*)
 *(.progmem*)
                0x00000054                . = ALIGN (0x2)
                0x00000054                __trampolines_start = .
 *(.trampolines)
 .trampolines   0x00000054        0x0 linker stubs
 *(.trampolines*)
                0x00000054                __trampolines_end = .
 *(.jumptables)
 *(.jumptables*)
 *(.lowtext)
 *(.lowtext*)
                0x00000054                __ctors_start = .
 *(.ctors)
                0x00000054                __ctors_end = .
                0x00000054                __dtors_start = .
 *(.dtors)
                0x00000054                __dtors_end = .
 SORT(*)(.ctors)
 SORT(*)(.dtors)
 *(.init0)
 .init0         0x00000054        0x0 c:/program files/winavr/bin/../lib/gcc/avr/4.1.2/../../../../avr/lib/avr5/crtm32.o
                0x00000054                __init
 *(.init0)
 *(.init1)
 *(.init1)
 *(.init2)
 .init2         0x00000054        0xc c:/program files/winavr/bin/../lib/gcc/avr/4.1.2/../../../../avr/lib/avr5/crtm32.o
 *(.init2)
 *(.init3)
 *(.init3)
 *(.init4)
 .init4         0x00000060       0x16 c:/program files/winavr/bin/../lib/gcc/avr/4.1.2/avr5\libgcc.a(_copy_data.o)
                0x00000060                __do_copy_data
 .init4         0x00000076       0x10 c:/program files/winavr/bin/../lib/gcc/avr/4.1.2/avr5\libgcc.a(_clear_bss.o)
                0x00000076                __do_clear_bss
 *(.init4)
 *(.init5)
 *(.init5)
 *(.init6)
 *(.init6)
 *(.init7)
 *(.init7)
 *(.init8)
 *(.init8)
 *(.init9)
 .init9         0x00000086        0x8 c:/program files/winavr/bin/../lib/gcc/avr/4.1.2/../../../../avr/lib/avr5/crtm32.o
 *(.init9)
 *(.text)
 .text          0x0000008e        0x4 c:/program files/winavr/bin/../lib/gcc/avr/4.1.2/../../../../avr/lib/avr5/crtm32.o
                0x0000008e                __vector_1
                0x0000008e                __vector_12
                0x0000008e                __bad_interrupt
                0x0000008e                __vector_6
                0x0000008e                __vector_3
                0x0000008e                __vector_13
                0x0000008e                __vector_17
                0x0000008e                __vector_19
                0x0000008e                __vector_7
                0x0000008e                __vector_5
                0x0000008e                __vector_4
                0x0000008e                __vector_9
                0x0000008e                __vector_2
                0x0000008e                __vector_15
                0x0000008e                __vector_8
                0x0000008e                __vector_14
                0x0000008e                __vector_10
                0x0000008e                __vector_18
                0x0000008e                __vector_20
 .text          0x00000092      0x6de 40h.o
                0x00000092                output_pin
                0x00000194                input_pin
                0x00000202                spi_led
                0x00000214                main
 .text          0x00000770      0x1d0 adc.o
                0x0000079e                initAdcFilters
                0x00000770                disableAdcs
                0x000007c8                initAdcs
                0x000008bc                __vector_11
                0x0000088c                disableAdc
                0x00000856                enableAdc
                0x00000780                hardInitAdcs
                0x000007d2                adcAddNextValue
                0x000008be                __vector_16
 .text          0x00000940       0xa2 message.o
                0x00000988                messagePackLedTest
                0x0000097e                messagePackLedIntensity
                0x000009d6                messagePackLedCol
                0x000009b8                messagePackShutdown
                0x00000940                messagePackButtonPress
                0x00000956                messagePackAdcVal
                0x000009ca                messagePackLedRow
                0x0000096e                messagePackLedStateChange
                0x0000099a                messagePackAdcEnable
 .text          0x000009e2      0x138 button.o
                0x00000a14                buttonCheck
                0x000009e2                buttonInit
 .text          0x00000b1a        0x0 c:/program files/winavr/bin/../lib/gcc/avr/4.1.2/avr5\libgcc.a(_prologue.o)
 .text          0x00000b1a        0x0 c:/program files/winavr/bin/../lib/gcc/avr/4.1.2/avr5\libgcc.a(_epilogue.o)
 .text          0x00000b1a        0x0 c:/program files/winavr/bin/../lib/gcc/avr/4.1.2/avr5\libgcc.a(_exit.o)
 .text          0x00000b1a        0x0 c:/program files/winavr/bin/../lib/gcc/avr/4.1.2/avr5\libgcc.a(_copy_data.o)
 .text          0x00000b1a        0x0 c:/program files/winavr/bin/../lib/gcc/avr/4.1.2/avr5\libgcc.a(_clear_bss.o)
                0x00000b1a                . = ALIGN (0x2)
 *(.text.*)
 .text.libgcc   0x00000b1a       0x38 c:/program files/winavr/bin/../lib/gcc/avr/4.1.2/avr5\libgcc.a(_prologue.o)
                0x00000b1a                __prologue_saves__
 .text.libgcc   0x00000b52       0x36 c:/program files/winavr/bin/../lib/gcc/avr/4.1.2/avr5\libgcc.a(_epilogue.o)
                0x00000b52                __epilogue_restores__
 .text.libgcc   0x00000b88        0x0 c:/program files/winavr/bin/../lib/gcc/avr/4.1.2/avr5\libgcc.a(_exit.o)
 .text.libgcc   0x00000b88        0x0 c:/program files/winavr/bin/../lib/gcc/avr/4.1.2/avr5\libgcc.a(_copy_data.o)
 .text.libgcc   0x00000b88        0x0 c:/program files/winavr/bin/../lib/gcc/avr/4.1.2/avr5\libgcc.a(_clear_bss.o)
                0x00000b88                . = ALIGN (0x2)
 *(.fini9)
 .fini9         0x00000b88        0x0 c:/program files/winavr/bin/../lib/gcc/avr/4.1.2/avr5\libgcc.a(_exit.o)
                0x00000b88                exit
                0x00000b88                _exit
 *(.fini9)
 *(.fini8)
 *(.fini8)
 *(.fini7)
 *(.fini7)
 *(.fini6)
 *(.fini6)
 *(.fini5)
 *(.fini5)
 *(.fini4)
 *(.fini4)
 *(.fini3)
 *(.fini3)
 *(.fini2)
 *(.fini2)
 *(.fini1)
 *(.fini1)
 *(.fini0)
 .fini0         0x00000b88        0x2 c:/program files/winavr/bin/../lib/gcc/avr/4.1.2/avr5\libgcc.a(_exit.o)
 *(.fini0)
                0x00000b8a                _etext = .

.data           0x00800060        0x0 load address 0x00000b8a
                0x00800060                PROVIDE (__data_start, .)
 *(.data)
 .data          0x00800060        0x0 c:/program files/winavr/bin/../lib/gcc/avr/4.1.2/../../../../avr/lib/avr5/crtm32.o
 .data          0x00800060        0x0 40h.o
 .data          0x00800060        0x0 adc.o
 .data          0x00800060        0x0 message.o
 .data          0x00800060        0x0 button.o
 .data          0x00800060        0x0 c:/program files/winavr/bin/../lib/gcc/avr/4.1.2/avr5\libgcc.a(_prologue.o)
 .data          0x00800060        0x0 c:/program files/winavr/bin/../lib/gcc/avr/4.1.2/avr5\libgcc.a(_epilogue.o)
 .data          0x00800060        0x0 c:/program files/winavr/bin/../lib/gcc/avr/4.1.2/avr5\libgcc.a(_exit.o)
 .data          0x00800060        0x0 c:/program files/winavr/bin/../lib/gcc/avr/4.1.2/avr5\libgcc.a(_copy_data.o)
 .data          0x00800060        0x0 c:/program files/winavr/bin/../lib/gcc/avr/4.1.2/avr5\libgcc.a(_clear_bss.o)
 *(.data*)
 *(.rodata)
 *(.rodata*)
 *(.gnu.linkonce.d*)
                0x00800060                . = ALIGN (0x2)
                0x00800060                _edata = .
                0x00800060                PROVIDE (__data_end, .)

.bss            0x00800060       0xa2
                0x00800060                PROVIDE (__bss_start, .)
 *(.bss)
 .bss           0x00800060        0x0 c:/program files/winavr/bin/../lib/gcc/avr/4.1.2/../../../../avr/lib/avr5/crtm32.o
 .bss           0x00800060        0x0 40h.o
 .bss           0x00800060        0x2 adc.o
                0x00800060                gAdcEnableState
 .bss           0x00800062        0x0 message.o
 .bss           0x00800062        0x0 button.o
 .bss           0x00800062        0x0 c:/program files/winavr/bin/../lib/gcc/avr/4.1.2/avr5\libgcc.a(_prologue.o)
 .bss           0x00800062        0x0 c:/program files/winavr/bin/../lib/gcc/avr/4.1.2/avr5\libgcc.a(_epilogue.o)
 .bss           0x00800062        0x0 c:/program files/winavr/bin/../lib/gcc/avr/4.1.2/avr5\libgcc.a(_exit.o)
 .bss           0x00800062        0x0 c:/program files/winavr/bin/../lib/gcc/avr/4.1.2/avr5\libgcc.a(_copy_data.o)
 .bss           0x00800062        0x0 c:/program files/winavr/bin/../lib/gcc/avr/4.1.2/avr5\libgcc.a(_clear_bss.o)
 *(.bss*)
 *(COMMON)
 COMMON         0x00800062       0x40 adc.o
                0x00800062                gAdcFilters
 COMMON         0x008000a2       0x60 button.o
                0x008000a2                button_last
                0x008000aa                button_debounce_count
                0x008000ea                button_state
                0x008000f2                button_current
                0x008000fa                button_event
                0x00800102                PROVIDE (__bss_end, .)
                0x00000b8a                __data_load_start = LOADADDR (.data)
                0x00000b8a                __data_load_end = (__data_load_start + SIZEOF (.data))

.noinit         0x00800102        0x0
                0x00800102                PROVIDE (__noinit_start, .)
 *(.noinit*)
                0x00800102                PROVIDE (__noinit_end, .)
                0x00800102                _end = .
                0x00800102                PROVIDE (__heap_start, .)

.eeprom         0x00810000        0x0
 *(.eeprom*)
                0x00810000                __eeprom_end = .

.stab           0x00000000      0x378
 *(.stab)
 .stab          0x00000000      0x378 c:/program files/winavr/bin/../lib/gcc/avr/4.1.2/../../../../avr/lib/avr5/crtm32.o

.stabstr        0x00000000       0x71
 *(.stabstr)
 .stabstr       0x00000000       0x71 c:/program files/winavr/bin/../lib/gcc/avr/4.1.2/../../../../avr/lib/avr5/crtm32.o

.stab.excl
 *(.stab.excl)

.stab.exclstr
 *(.stab.exclstr)

.stab.index
 *(.stab.index)

.stab.indexstr
 *(.stab.indexstr)

.comment
 *(.comment)

.debug
 *(.debug)

.line
 *(.line)

.debug_srcinfo
 *(.debug_srcinfo)

.debug_sfnames
 *(.debug_sfnames)

.debug_aranges  0x00000000       0x80
 *(.debug_aranges)
 .debug_aranges
                0x00000000       0x20 40h.o
 .debug_aranges
                0x00000020       0x20 adc.o
 .debug_aranges
                0x00000040       0x20 message.o
 .debug_aranges
                0x00000060       0x20 button.o

.debug_pubnames
                0x00000000      0x28d
 *(.debug_pubnames)
 .debug_pubnames
                0x00000000       0x44 40h.o
 .debug_pubnames
                0x00000044       0xc8 adc.o
 .debug_pubnames
                0x0000010c       0xf1 message.o
 .debug_pubnames
                0x000001fd       0x90 button.o

.debug_info     0x00000000      0xb71
 *(.debug_info)
 .debug_info    0x00000000      0x472 40h.o
 .debug_info    0x00000472      0x29b adc.o
 .debug_info    0x0000070d      0x310 message.o
 .debug_info    0x00000a1d      0x154 button.o
 *(.gnu.linkonce.wi.*)

.debug_abbrev   0x00000000      0x407
 *(.debug_abbrev)
 .debug_abbrev  0x00000000      0x1a4 40h.o
 .debug_abbrev  0x000001a4      0x103 adc.o
 .debug_abbrev  0x000002a7       0xc4 message.o
 .debug_abbrev  0x0000036b       0x9c button.o

.debug_line     0x00000000      0xb41
 *(.debug_line)
 .debug_line    0x00000000      0x5d0 40h.o
 .debug_line    0x000005d0      0x2b1 adc.o
 .debug_line    0x00000881      0x197 message.o
 .debug_line    0x00000a18      0x129 button.o

.debug_frame    0x00000000      0x1c0
 *(.debug_frame)
 .debug_frame   0x00000000       0x50 40h.o
 .debug_frame   0x00000050       0xa0 adc.o
 .debug_frame   0x000000f0       0xa0 message.o
 .debug_frame   0x00000190       0x30 button.o

.debug_str      0x00000000      0x3d9
 *(.debug_str)
 .debug_str     0x00000000      0x224 40h.o
                                0x27b (size before relaxing)
 .debug_str     0x00000224       0x9b adc.o
                                0x1b6 (size before relaxing)
 .debug_str     0x000002bf       0xe4 message.o
                                0x1d9 (size before relaxing)
 .debug_str     0x000003a3       0x36 button.o
                                0x12d (size before relaxing)

.debug_loc      0x00000000      0x317
 *(.debug_loc)
 .debug_loc     0x00000000      0x171 40h.o
 .debug_loc     0x00000171       0x7d adc.o
 .debug_loc     0x000001ee      0x103 message.o
 .debug_loc     0x000002f1       0x26 button.o

.debug_macinfo
 *(.debug_macinfo)
OUTPUT(monome40h.elf elf32-avr)
LOAD linker stubs

Cross Reference Table

Symbol                                            File
__bad_interrupt                                   c:/program files/winavr/bin/../lib/gcc/avr/4.1.2/../../../../avr/lib/avr5/crtm32.o
__bss_end                                         c:/program files/winavr/bin/../lib/gcc/avr/4.1.2/avr5\libgcc.a(_clear_bss.o)
__bss_start                                       c:/program files/winavr/bin/../lib/gcc/avr/4.1.2/avr5\libgcc.a(_clear_bss.o)
__data_end                                        c:/program files/winavr/bin/../lib/gcc/avr/4.1.2/avr5\libgcc.a(_copy_data.o)
__data_load_start                                 c:/program files/winavr/bin/../lib/gcc/avr/4.1.2/avr5\libgcc.a(_copy_data.o)
__data_start                                      c:/program files/winavr/bin/../lib/gcc/avr/4.1.2/avr5\libgcc.a(_copy_data.o)
__do_clear_bss                                    c:/program files/winavr/bin/../lib/gcc/avr/4.1.2/avr5\libgcc.a(_clear_bss.o)
                                                  button.o
                                                  message.o
                                                  adc.o
                                                  40h.o
__do_copy_data                                    c:/program files/winavr/bin/../lib/gcc/avr/4.1.2/avr5\libgcc.a(_copy_data.o)
                                                  button.o
                                                  message.o
                                                  adc.o
                                                  40h.o
__epilogue_restores__                             c:/program files/winavr/bin/../lib/gcc/avr/4.1.2/avr5\libgcc.a(_epilogue.o)
                                                  40h.o
__heap_end                                        c:/program files/winavr/bin/../lib/gcc/avr/4.1.2/../../../../avr/lib/avr5/crtm32.o
__init                                            c:/program files/winavr/bin/../lib/gcc/avr/4.1.2/../../../../avr/lib/avr5/crtm32.o
__prologue_saves__                                c:/program files/winavr/bin/../lib/gcc/avr/4.1.2/avr5\libgcc.a(_prologue.o)
                                                  40h.o
__stack                                           c:/program files/winavr/bin/../lib/gcc/avr/4.1.2/../../../../avr/lib/avr5/crtm32.o
__vector_1                                        c:/program files/winavr/bin/../lib/gcc/avr/4.1.2/../../../../avr/lib/avr5/crtm32.o
__vector_10                                       c:/program files/winavr/bin/../lib/gcc/avr/4.1.2/../../../../avr/lib/avr5/crtm32.o
__vector_11                                       adc.o
                                                  c:/program files/winavr/bin/../lib/gcc/avr/4.1.2/../../../../avr/lib/avr5/crtm32.o
__vector_12                                       c:/program files/winavr/bin/../lib/gcc/avr/4.1.2/../../../../avr/lib/avr5/crtm32.o
__vector_13                                       c:/program files/winavr/bin/../lib/gcc/avr/4.1.2/../../../../avr/lib/avr5/crtm32.o
__vector_14                                       c:/program files/winavr/bin/../lib/gcc/avr/4.1.2/../../../../avr/lib/avr5/crtm32.o
__vector_15                                       c:/program files/winavr/bin/../lib/gcc/avr/4.1.2/../../../../avr/lib/avr5/crtm32.o
__vector_16                                       adc.o
                                                  c:/program files/winavr/bin/../lib/gcc/avr/4.1.2/../../../../avr/lib/avr5/crtm32.o
__vector_17                                       c:/program files/winavr/bin/../lib/gcc/avr/4.1.2/../../../../avr/lib/avr5/crtm32.o
__vector_18                                       c:/program files/winavr/bin/../lib/gcc/avr/4.1.2/../../../../avr/lib/avr5/crtm32.o
__vector_19                                       c:/program files/winavr/bin/../lib/gcc/avr/4.1.2/../../../../avr/lib/avr5/crtm32.o
__vector_2                                        c:/program files/winavr/bin/../lib/gcc/avr/4.1.2/../../../../avr/lib/avr5/crtm32.o
__vector_20                                       c:/program files/winavr/bin/../lib/gcc/avr/4.1.2/../../../../avr/lib/avr5/crtm32.o
__vector_3                                        c:/program files/winavr/bin/../lib/gcc/avr/4.1.2/../../../../avr/lib/avr5/crtm32.o
__vector_4                                        c:/program files/winavr/bin/../lib/gcc/avr/4.1.2/../../../../avr/lib/avr5/crtm32.o
__vector_5                                        c:/program files/winavr/bin/../lib/gcc/avr/4.1.2/../../../../avr/lib/avr5/crtm32.o
__vector_6                                        c:/program files/winavr/bin/../lib/gcc/avr/4.1.2/../../../../avr/lib/avr5/crtm32.o
__vector_7                                        c:/program files/winavr/bin/../lib/gcc/avr/4.1.2/../../../../avr/lib/avr5/crtm32.o
__vector_8                                        c:/program files/winavr/bin/../lib/gcc/avr/4.1.2/../../../../avr/lib/avr5/crtm32.o
__vector_9                                        c:/program files/winavr/bin/../lib/gcc/avr/4.1.2/../../../../avr/lib/avr5/crtm32.o
__vector_default                                  c:/program files/winavr/bin/../lib/gcc/avr/4.1.2/../../../../avr/lib/avr5/crtm32.o
__vectors                                         c:/program files/winavr/bin/../lib/gcc/avr/4.1.2/../../../../avr/lib/avr5/crtm32.o
_exit                                             c:/program files/winavr/bin/../lib/gcc/avr/4.1.2/avr5\libgcc.a(_exit.o)
adcAddNextValue                                   adc.o
buttonCheck                                       button.o
                                                  40h.o
buttonInit                                        button.o
                                                  40h.o
button_current                                    button.o
                                                  40h.o
button_debounce_count                             button.o
button_event                                      button.o
                                                  40h.o
button_last                                       button.o
                                                  40h.o
button_state                                      button.o
                                                  40h.o
disableAdc                                        adc.o
                                                  40h.o
disableAdcs                                       adc.o
enableAdc                                         adc.o
                                                  40h.o
exit                                              c:/program files/winavr/bin/../lib/gcc/avr/4.1.2/avr5\libgcc.a(_exit.o)
                                                  c:/program files/winavr/bin/../lib/gcc/avr/4.1.2/../../../../avr/lib/avr5/crtm32.o
gAdcEnableState                                   adc.o
gAdcFilters                                       adc.o
                                                  40h.o
hardInitAdcs                                      adc.o
initAdcFilters                                    adc.o
initAdcs                                          adc.o
input_pin                                         40h.o
main                                              40h.o
                                                  c:/program files/winavr/bin/../lib/gcc/avr/4.1.2/../../../../avr/lib/avr5/crtm32.o
messagePackAdcEnable                              message.o
messagePackAdcVal                                 message.o
                                                  40h.o
messagePackButtonPress                            message.o
                                                  40h.o
messagePackLedCol                                 message.o
messagePackLedIntensity                           message.o
messagePackLedRow                                 message.o
messagePackLedStateChange                         message.o
messagePackLedTest                                message.o
messagePackShutdown                               message.o
output_pin                                        40h.o
spi_led                                           40h.o
